env-configure-gh|skills/env-configure-gh|1.0.0|Configure GitHub CLI|env|env,github,cli,gh,scm
env-configure-git|skills/env-configure-git|1.0.0|Configure Git|env|env,git,scm,config
env-configure-gradle|skills/env-configure-gradle|1.0.0|Configure Gradle|env|env,gradle,java,build,config
env-configure-java|skills/env-configure-java|1.0.0|Configure Java Environment Variables|env|env,java,jdk,config
env-configure-maven|skills/env-configure-maven|1.0.0|Configure Maven Environment Variables and settings.xml|env|env,maven,java,config,settings
env-configure-nodejs|skills/env-configure-nodejs|1.0.0|Configure Node.js Environment Variables|env|env,nodejs,node,npm,config
env-configure-npm|skills/env-configure-npm|1.0.0|Configure npm Internal Nexus Mirror|env|env,npm,nodejs,config,registry
env-configure-path|skills/env-configure-path|1.0.0|Configure Environment Variable Paths|env|env,path,environment,variable,config
env-configure-pnpm|skills/env-configure-pnpm|1.0.0|Configure pnpm|env|env,pnpm,package,config
env-configure-python|skills/env-configure-python|1.0.0|Configure Python Environment Variables|env|env,python,config
sn-request-ad-group|skills/sn-request-ad-group|1.0.0|ServiceNow Request AD Group Permission|sn|servicenow,ad,active-directory,permission,group
sn-request-software|skills/sn-request-software|1.0.0|ServiceNow Request Software|sn|servicenow,software,apply,install
swc-install-package|skills/swc-install-package|1.0.0|Software Center Install Software|swc|software-center,install,package
